---
layout: tags
title: golden
---

<div class="row">

<div class="col-xs-6 col-sm-3 col-md-2"><div class="thumbnail" style="margin-bottom:30px;max-width:300px;min-height:265px;"><a href="/books/maps/paper-maps/773115.html"><img src="http://i1.avlws.com/115/l491099.png" /></a><div class="caption" style="height:100px;overflow:hidden"><p><span class="label label-success">$11.95</span>&nbsp;<a href="/books/maps/paper-maps/773115.html">Trails Illustrated Boulder / Golden Area Map - Colorado</a></p></div></div></div><div class="col-xs-6 col-sm-3 col-md-2"><div class="thumbnail" style="margin-bottom:30px;max-width:300px;min-height:265px;"><a href="/books/maps/paper-maps/734873.html"><img src="http://i1.avlws.com/115/l491047.png" /></a><div class="caption" style="height:100px;overflow:hidden"><p><span class="label label-success">$3.95</span>&nbsp;<a href="/books/maps/paper-maps/734873.html">Mountain N' Air Books Map and Guide to Golden Gate Park</a></p></div></div></div><div class="col-xs-6 col-sm-3 col-md-2"><div class="thumbnail" style="margin-bottom:30px;max-width:300px;min-height:265px;"><a href="/books/maps/paper-maps/700878.html"><img src="http://i1.avlws.com/115/l513167.png" /></a><div class="caption" style="height:100px;overflow:hidden"><p><span class="label label-success">$9.95</span>&nbsp;<a href="/books/maps/paper-maps/700878.html">Tom Harrison Cartography Golden Trout Wilderness Trail Map</a></p></div></div></div><div class="col-xs-6 col-sm-3 col-md-2"><div class="thumbnail" style="margin-bottom:30px;max-width:300px;min-height:265px;"><a href="/books/maps/paper-maps/792530.html"><img src="http://i1.avlws.com/115/l513231.png" /></a><div class="caption" style="height:100px;overflow:hidden"><p><span class="label label-success">$8.95</span>&nbsp;<a href="/books/maps/paper-maps/792530.html">Mountain N' Air Books Golden Gate Hiking and Biking Waterproof Trail Map</a></p></div></div></div><div class="col-xs-6 col-sm-3 col-md-2"><div class="thumbnail" style="margin-bottom:30px;max-width:300px;min-height:265px;"><a href="/books/maps/paper-maps/861349.html"><img src="http://i1.avlws.com/115/l410275.png" /></a><div class="caption" style="height:100px;overflow:hidden"><p><span class="label label-success">$14.00</span>&nbsp;<a href="/books/maps/paper-maps/861349.html">Green Trails Golden Gate - Mount Tam Map</a></p></div></div></div></div>

